============================================================
  ACDC CMC 完整自动化流水线 v3 (智能GPU分配)
  开始时间: Tue Jun  9 05:53:20 PM UTC 2026
============================================================


===== 智能GPU调度流水线 =====
  队列中 4 个实验
  GPU策略: 如果有'我的进程'在GPU上,预留6000MB
  有效空闲 > 5000MB 才启动新实验

Tue Jun  9 05:53:20 PM UTC 2026 - 📋 进度: 0/4 已完成
Tue Jun  9 05:53:20 PM UTC 2026 - ⏳ 等待空闲GPU (需有效空闲 >5000MB) ...
Tue Jun  9 05:53:20 PM UTC 2026 - ⚠️  注意: 有我的进程的GPU会自动预留6000MB
Tue Jun  9 05:53:21 PM UTC 2026 - 🎯 启动队列中第 1 个实验: BCP_CMC_v1_mutual_mw06_ps8_conv3

============================================================
  🏃 启动实验: BCP_CMC_v1_mutual_mw06_ps8_conv3
  脚本: BCP_CMC_v1_mutual_convkernel.py
  GPU: 0
  开始时间: Tue Jun  9 05:53:21 PM UTC 2026
============================================================
Tue Jun  9 05:53:21 PM UTC 2026 - PID: 1659875
Tue Jun  9 06:23:21 PM UTC 2026 - BCP_CMC_v1_mutual_mw06_ps8_conv3 progress: iter 8
Tue Jun  9 06:53:21 PM UTC 2026 - BCP_CMC_v1_mutual_mw06_ps8_conv3 progress: iter 1875
Tue Jun  9 07:23:21 PM UTC 2026 - BCP_CMC_v1_mutual_mw06_ps8_conv3 progress: iter 3721
Tue Jun  9 07:53:21 PM UTC 2026 - BCP_CMC_v1_mutual_mw06_ps8_conv3 progress: iter 5595
Tue Jun  9 08:23:21 PM UTC 2026 - BCP_CMC_v1_mutual_mw06_ps8_conv3 progress: iter 7968
Tue Jun  9 08:53:21 PM UTC 2026 - BCP_CMC_v1_mutual_mw06_ps8_conv3 progress: iter 11254
