============================================================
  剩余实验智能调度流水线
  开始时间: Tue Jun  9 10:08:58 PM UTC 2026
============================================================

===== 剩余实验队列 (5个) =====
  [1] BCP_CMC_v1_ablation_cmc_only_ps8
  [2] BCP_CMC_v1_asymmetric_ps8
  [3] BCP_CMC_v1_attention_ps8
  [4] BCP_CMC_v1_classbal_ps8
  [5] BCP_CMC_v1_freq_ps8
===================================


============================================================
  [1/5] 等待GPU: BCP_CMC_v1_ablation_cmc_only_ps8
============================================================
⏳ 等待空闲GPU (有效空闲 >5000MB)...
  GPU 0: 实际空闲=7767MB, 有效=1767MB (有我方进程)
  GPU 1: 实际空闲=2686MB, 有效=0MB (有我方进程)
  GPU 2: 实际空闲=5216MB, 有效=0MB (有我方进程)
  GPU 3: 实际空闲=2406MB, 有效=0MB (有我方进程)
⏳ 所有GPU忙碌, 15分钟后重试... (Tue Jun  9 10:08:59 PM UTC 2026)
============================================================
  剩余实验智能调度流水线
  开始时间: Tue Jun  9 10:13:00 PM UTC 2026
============================================================

===== 剩余实验队列 (5个) =====
  [1] BCP_CMC_v1_ablation_cmc_only_ps8
  [2] BCP_CMC_v1_asymmetric_ps8
  [3] BCP_CMC_v1_attention_ps8
  [4] BCP_CMC_v1_classbal_ps8
  [5] BCP_CMC_v1_freq_ps8
===================================


============================================================
  [1/5] 等待GPU: BCP_CMC_v1_ablation_cmc_only_ps8
============================================================
⏳ 等待空闲GPU (有效空闲 >5000MB)...
  GPU 0: 实际空闲=7767MB, 有效=1767MB (有我方进程)
  GPU 1: 实际空闲=2686MB, 有效=0MB (有我方进程)
  GPU 2: 实际空闲=5216MB, 有效=0MB (有我方进程)
  GPU 3: 实际空闲=2406MB, 有效=0MB (有我方进程)
⏳ 所有GPU忙碌, 15分钟后重试... (Tue Jun  9 10:13:02 PM UTC 2026)
============================================================
  剩余实验智能调度流水线
  开始时间: Tue Jun  9 10:16:07 PM UTC 2026
============================================================

===== 剩余实验队列 (5个) =====
  [1] BCP_CMC_v1_ablation_cmc_only_ps8
  [2] BCP_CMC_v1_asymmetric_ps8
  [3] BCP_CMC_v1_attention_ps8
  [4] BCP_CMC_v1_classbal_ps8
  [5] BCP_CMC_v1_freq_ps8
===================================


============================================================
  [1/5] 等待GPU: BCP_CMC_v1_ablation_cmc_only_ps8
============================================================
⏳ 等待空闲GPU (有效空闲 >5000MB)...
  GPU 0: 实际空闲=7767MB, 有效=1767MB (有我方进程)
  GPU 1: 实际空闲=2686MB, 有效=0MB (有我方进程)
  GPU 2: 实际空闲=5216MB, 有效=0MB (有我方进程)
  GPU 3: 实际空闲=6067MB, 有效=6067MB
⏳ 所有GPU忙碌, 15分钟后重试... (Tue Jun  9 10:16:08 PM UTC 2026)
  GPU 0: 实际空闲=7767MB, 有效=1767MB (有我方进程)
  GPU 1: 实际空闲=2686MB, 有效=0MB (有我方进程)
  GPU 2: 实际空闲=5216MB, 有效=0MB (有我方进程)
  GPU 3: 实际空闲=6067MB, 有效=6067MB
⏳ 所有GPU忙碌, 15分钟后重试... (Tue Jun  9 10:31:09 PM UTC 2026)
  GPU 0: 实际空闲=7767MB, 有效=1767MB (有我方进程)
  GPU 1: 实际空闲=2686MB, 有效=0MB (有我方进程)
  GPU 2: 实际空闲=5216MB, 有效=0MB (有我方进程)
  GPU 3: 实际空闲=6067MB, 有效=6067MB
⏳ 所有GPU忙碌, 15分钟后重试... (Tue Jun  9 10:46:11 PM UTC 2026)
============================================================
  剩余实验智能调度流水线
  开始时间: Tue Jun  9 10:50:20 PM UTC 2026
============================================================

===== 剩余实验队列 (5个) =====
  [1] BCP_CMC_v1_ablation_cmc_only_ps8
  [2] BCP_CMC_v1_asymmetric_ps8
  [3] BCP_CMC_v1_attention_ps8
  [4] BCP_CMC_v1_classbal_ps8
  [5] BCP_CMC_v1_freq_ps8
===================================


============================================================
  [1/5] 等待GPU: BCP_CMC_v1_ablation_cmc_only_ps8
============================================================
⏳ 等待空闲GPU (有效空闲 >5000MB)...
  GPU 0: 实际空闲=7767MB, 有效=1767MB (有我方进程)
  GPU 1: 实际空闲=2686MB, 有效=0MB (有我方进程)
  GPU 2: 实际空闲=5216MB, 有效=0MB (有我方进程)
  GPU 3: 实际空闲=6067MB, 有效=6067MB
✅ 选择 GPU 3
Tue Jun  9 10:50:21 PM UTC 2026 - 🚀 启动 BCP_CMC_v1_ablation_cmc_only_ps8 on GPU 3
Wed Jun 10 01:49:51 AM UTC 2026 - ✅ BCP_CMC_v1_ablation_cmc_only_ps8 完成

============================================================
  [2/5] 等待GPU: BCP_CMC_v1_asymmetric_ps8
============================================================
⏳ 等待空闲GPU (有效空闲 >5000MB)...
  GPU 0: 实际空闲=13910MB, 有效=13910MB
  GPU 1: 实际空闲=80MB, 有效=0MB (有我方进程)
  GPU 2: 实际空闲=11397MB, 有效=11397MB
  GPU 3: 实际空闲=5209MB, 有效=5209MB
✅ 选择 GPU 0
Wed Jun 10 01:49:52 AM UTC 2026 - 🚀 启动 BCP_CMC_v1_asymmetric_ps8 on GPU 0
Wed Jun 10 04:59:17 AM UTC 2026 - ✅ BCP_CMC_v1_asymmetric_ps8 完成

============================================================
  [3/5] 等待GPU: BCP_CMC_v1_attention_ps8
============================================================
⏳ 等待空闲GPU (有效空闲 >5000MB)...
  GPU 0: 实际空闲=13910MB, 有效=13910MB
  GPU 1: 实际空闲=80MB, 有效=0MB (有我方进程)
  GPU 2: 实际空闲=11395MB, 有效=11395MB
  GPU 3: 实际空闲=5209MB, 有效=5209MB
✅ 选择 GPU 0
Wed Jun 10 04:59:18 AM UTC 2026 - 🚀 启动 BCP_CMC_v1_attention_ps8 on GPU 0
Wed Jun 10 08:15:18 AM UTC 2026 - ✅ BCP_CMC_v1_attention_ps8 完成

============================================================
  [4/5] 等待GPU: BCP_CMC_v1_classbal_ps8
============================================================
⏳ 等待空闲GPU (有效空闲 >5000MB)...
  GPU 0: 实际空闲=13636MB, 有效=13636MB
  GPU 1: 实际空闲=2472MB, 有效=0MB (有我方进程)
  GPU 2: 实际空闲=7198MB, 有效=7198MB
  GPU 3: 实际空闲=5443MB, 有效=5443MB
✅ 选择 GPU 0
Wed Jun 10 08:15:19 AM UTC 2026 - 🚀 启动 BCP_CMC_v1_classbal_ps8 on GPU 0
Wed Jun 10 11:39:51 AM UTC 2026 - ✅ BCP_CMC_v1_classbal_ps8 完成

============================================================
  [5/5] 等待GPU: BCP_CMC_v1_freq_ps8
============================================================
⏳ 等待空闲GPU (有效空闲 >5000MB)...
  GPU 0: 实际空闲=11886MB, 有效=11886MB
  GPU 1: 实际空闲=208MB, 有效=0MB (有我方进程)
  GPU 2: 实际空闲=10947MB, 有效=10947MB
  GPU 3: 实际空闲=5839MB, 有效=5839MB
✅ 选择 GPU 0
Wed Jun 10 11:39:52 AM UTC 2026 - 🚀 启动 BCP_CMC_v1_freq_ps8 on GPU 0
Wed Jun 10 11:39:54 AM UTC 2026 - ✅ BCP_CMC_v1_freq_ps8 完成

============================================================
  🎉 所有剩余实验已完成!
  完成时间: Wed Jun 10 11:39:54 AM UTC 2026
============================================================
