usage: BCP_CMC_v1_freq.py [-h] [--root_path ROOT_PATH] [--exp EXP]
                          [--model MODEL] [--pre_iterations PRE_ITERATIONS]
                          [--max_iterations MAX_ITERATIONS]
                          [--batch_size BATCH_SIZE]
                          [--deterministic DETERMINISTIC] [--base_lr BASE_LR]
                          [--patch_size PATCH_SIZE] [--seed SEED]
                          [--num_classes NUM_CLASSES]
                          [--labeled_bs LABELED_BS] [--labelnum LABELNUM]
                          [--u_weight U_WEIGHT] [--gpu GPU]
                          [--consistency CONSISTENCY]
                          [--consistency_rampup CONSISTENCY_RAMPUP]
                          [--magnitude MAGNITUDE] [--s_param S_PARAM]
                          [--cmc_warmup_iter CMC_WARMUP_ITER]
                          [--cmc_loss_weight CMC_LOSS_WEIGHT]
                          [--cmc_mutual_weight CMC_MUTUAL_WEIGHT]
                          [--cmc_mutual_conf_thresh CMC_MUTUAL_CONF_THRESH]
                          [--conf_thresh_init CONF_THRESH_INIT]
                          [--conf_thresh_final CONF_THRESH_FINAL]
                          [--freq_kernel_size FREQ_KERNEL_SIZE]
                          [--freq_sigma FREQ_SIGMA]
BCP_CMC_v1_freq.py: error: unrecognized arguments: --cmc_patch_size 8
